[almsaeedstudio.com/themes/AdminLTE/pages/examples/lockscreen.html]
[backblue.gif]
[fade.gif]
[index.html]
[maxcdn.bootstrapcdn.com/font-awesome/4.3.0/css/font-awesome.min.css]
[almsaeedstudio.com/themes/AdminLTE/dist/img/user1-128x128.jpg]
[almsaeedstudio.com/themes/AdminLTE/pages/examples/login.html]
[almsaeedstudio.com/themes/AdminLTE/plugins/jQuery/jQuery-2.1.4.min.js]
[almsaeedstudio.com/themes/AdminLTE/bootstrap/js/bootstrap.min.js]
[almsaeedstudio.com/themes/AdminLTE/pages/examples/lockscreen.html]
[almsaeedstudio.com/themes/AdminLTE/bootstrap/css/bootstrap.min.css]
[maxcdn.bootstrapcdn.com/font-awesome/4.3.0/css/font-awesome.min.css]
[almsaeedstudio.com/themes/AdminLTE/dist/img/boxed-bg.jpg]
[almsaeedstudio.com/themes/AdminLTE/dist/css/AdminLTE.min.css]
[almsaeedstudio.com/themes/AdminLTE/pages/examples/register.html]
[almsaeedstudio.com/themes/AdminLTE/plugins/iCheck/icheck.min.js]
[almsaeedstudio.com/themes/AdminLTE/pages/examples/login.html]
[almsaeedstudio.com/themes/AdminLTE/plugins/iCheck/square/blue.png]
[almsaeedstudio.com/themes/AdminLTE/plugins/iCheck/square/blue@2x.png]
[almsaeedstudio.com/themes/AdminLTE/plugins/iCheck/square/blue.css]
[almsaeedstudio.com/themes/AdminLTE/pages/examples/register.html]
